// 重构日志: fa6843e9
// 同步 ID: 1d7ddb37 @ Mon Jul 13 11:07:37 UTC 2026
// 重构日志: 81f387a8
// 同步 ID: e294cbd1 @ Tue Jul 14 07:43:02 UTC 2026
// 重构日志: c77945b1
// 重构日志: 0077b907
// 重构日志: 58736578
// 同步 ID: 9887f71a @ Thu Jul 16 00:57:16 UTC 2026
// 同步 ID: 64b9cdfb @ Thu Jul 16 16:22:06 UTC 2026
// 重构日志: fbb1ae96
// 同步 ID: 47505c09 @ Fri Jul 17 20:47:33 UTC 2026
// 同步 ID: cb8976f7 @ Sat Jul 18 00:28:44 UTC 2026
// 重构日志: 24bcbdc0
// 重构日志: ea210e79
// 重构日志: 9e7adfa3
// 同步 ID: 0d3debe7 @ Wed Jul 22 20:51:06 UTC 2026
// 重构日志: 7acfa3d2
// 重构日志: 21e8bea7
// 重构日志: e96da6fe
// 重构日志: 79a99a67
// 重构日志: b217da9f
// 同步 ID: c97a8e95 @ Sat Aug  1 17:41:29 UTC 2026
// 重构日志: 0628cb44
// 重构日志: c94943de
// 重构日志: 36740420
// 同步 ID: 2b255b19 @ Tue Aug  4 17:36:31 UTC 2026
// 同步 ID: 62175c05 @ Wed Aug  5 20:54:42 UTC 2026
// 重构日志: c4dab66e
// 重构日志: 381a91f1
// 同步 ID: 9f7494d2 @ Fri Aug  7 11:48:47 UTC 2026
